// Jest Snapshot v1, https://goo.gl/fbAQLP

exports[`ModalWindow component create modal window snapshot 1`] = `
<DocumentFragment>
  <div
    class="modal-overlay"
  >
    <div
      class="modal-window"
    >
      <button
        class="modal-window__close"
      >
        âœ—
      </button>
      <div
        class="modal-window__body"
      >
        <div>
          test
        </div>
      </div>
    </div>
  </div>
</DocumentFragment>
`;
