// Jest Snapshot v1, https://goo.gl/fbAQLP

exports[`Card list component create card list snapshot with data 1`] = `
<DocumentFragment>
  <div
    class="cards-wrapper"
  >
    <div
      class="card"
    >
      <img
        alt="https://rickandmortyapi.com/api/character/avatar/1.jpeg"
        class="card__img"
        src="https://rickandmortyapi.com/api/character/avatar/1.jpeg"
      />
      <div
        class="card__wrapper-title"
      >
        <h3
          class="card__wrapper-title-text"
        >
          Rick Sanchez
        </h3>
      </div>
      <button
        class="card__button"
      >
        Learn more
      </button>
    </div>
    <div
      class="card"
    >
      <img
        alt="https://rickandmortyapi.com/api/character/avatar/2.jpeg"
        class="card__img"
        src="https://rickandmortyapi.com/api/character/avatar/2.jpeg"
      />
      <div
        class="card__wrapper-title"
      >
        <h3
          class="card__wrapper-title-text"
        >
          Morty Smith
        </h3>
      </div>
      <button
        class="card__button"
      >
        Learn more
      </button>
    </div>
  </div>
</DocumentFragment>
`;

exports[`Card list component should correctly render headings 1`] = `
Array [
  <h3
    class="card__wrapper-title-text"
  >
    Rick Sanchez
  </h3>,
  <h3
    class="card__wrapper-title-text"
  >
    Morty Smith
  </h3>,
]
`;
